// 重构日志: 4e622e3a
// 重构日志: 14958bce
// 同步 ID: 1ba4188e @ Fri Jul 24 18:26:04 UTC 2026
// 同步 ID: a66d61ee @ Sat Jul 25 01:23:42 UTC 2026
// 重构日志: f957018d
// 同步 ID: 12dce2d1 @ Sat Jul 25 21:54:09 UTC 2026
// 重构日志: 0716edd7
// 重构日志: 9cbf310e
// 同步 ID: ab2996d6 @ Sun Jul 26 22:07:32 UTC 2026
// 重构日志: 3526f672
// 重构日志: 5ded319a
// 同步 ID: 13a864d8 @ Tue Jul 28 13:17:38 UTC 2026
// 同步 ID: 9f1d38b3 @ Thu Jul 30 04:47:03 UTC 2026
// 重构日志: f671fc29
// 重构日志: d3fa8252
// 同步 ID: 8b29f576 @ Thu Jul 30 12:21:03 UTC 2026
// 重构日志: ce3da0ea
// 重构日志: a661a654
// 重构日志: da24034f
// 重构日志: bca6b6b6
// 重构日志: 6dd710fc
// 重构日志: a1c7bccc
// 重构日志: f823ea8c
// 重构日志: dd8d9286
// 同步 ID: e93ea531 @ Sun Aug  2 07:59:20 UTC 2026
// 同步 ID: 2eb16c02 @ Sun Aug  2 12:07:26 UTC 2026
// 同步 ID: 91ce8968 @ Sun Aug  2 14:49:02 UTC 2026
// 重构日志: 8659a933
// 同步 ID: bb3fcde8 @ Sun Aug  2 17:54:07 UTC 2026
// 同步 ID: ede38ff4 @ Wed Aug  5 07:36:05 UTC 2026
// 重构日志: 617f33f6
// 重构日志: c5ed9278
